[debug] [2024-12-16T21:11:26.427Z] ----------------------------------------------------------------------
[debug] [2024-12-16T21:11:26.431Z] Command:       C:\Program Files\nodejs\node.exe C:\Users\chris\AppData\Roaming\npm\node_modules\firebase-tools\lib\bin\firebase.js deploy --only functions
[debug] [2024-12-16T21:11:26.431Z] CLI Version:   13.26.0
[debug] [2024-12-16T21:11:26.431Z] Platform:      win32
[debug] [2024-12-16T21:11:26.431Z] Node Version:  v20.12.2
[debug] [2024-12-16T21:11:26.432Z] Time:          Mon Dec 16 2024 16:11:26 GMT-0500 (Eastern Standard Time)
[debug] [2024-12-16T21:11:26.432Z] ----------------------------------------------------------------------
[debug] 
[debug] [2024-12-16T21:11:26.539Z] > command requires scopes: ["email","openid","https://www.googleapis.com/auth/cloudplatformprojects.readonly","https://www.googleapis.com/auth/firebase","https://www.googleapis.com/auth/cloud-platform"]
[debug] [2024-12-16T21:11:26.540Z] > authorizing via signed-in user (christianbeadling@gmail.com)
[debug] [2024-12-16T21:11:26.540Z] [iam] checking project resumerushgodot for permissions ["cloudfunctions.functions.create","cloudfunctions.functions.delete","cloudfunctions.functions.get","cloudfunctions.functions.list","cloudfunctions.functions.update","cloudfunctions.operations.get","firebase.projects.get"]
[debug] [2024-12-16T21:11:26.541Z] Checked if tokens are valid: true, expires at: 1734386985915
[debug] [2024-12-16T21:11:26.542Z] Checked if tokens are valid: true, expires at: 1734386985915
[debug] [2024-12-16T21:11:26.543Z] >>> [apiv2][query] POST https://cloudresourcemanager.googleapis.com/v1/projects/resumerushgodot:testIamPermissions [none]
[debug] [2024-12-16T21:11:26.543Z] >>> [apiv2][(partial)header] POST https://cloudresourcemanager.googleapis.com/v1/projects/resumerushgodot:testIamPermissions x-goog-quota-user=projects/resumerushgodot
[debug] [2024-12-16T21:11:26.543Z] >>> [apiv2][body] POST https://cloudresourcemanager.googleapis.com/v1/projects/resumerushgodot:testIamPermissions {"permissions":["cloudfunctions.functions.create","cloudfunctions.functions.delete","cloudfunctions.functions.get","cloudfunctions.functions.list","cloudfunctions.functions.update","cloudfunctions.operations.get","firebase.projects.get"]}
[debug] [2024-12-16T21:11:26.753Z] <<< [apiv2][status] POST https://cloudresourcemanager.googleapis.com/v1/projects/resumerushgodot:testIamPermissions 200
[debug] [2024-12-16T21:11:26.753Z] <<< [apiv2][body] POST https://cloudresourcemanager.googleapis.com/v1/projects/resumerushgodot:testIamPermissions {"permissions":["cloudfunctions.functions.create","cloudfunctions.functions.delete","cloudfunctions.functions.get","cloudfunctions.functions.list","cloudfunctions.functions.update","cloudfunctions.operations.get","firebase.projects.get"]}
[debug] [2024-12-16T21:11:26.754Z] Checked if tokens are valid: true, expires at: 1734386985915
[debug] [2024-12-16T21:11:26.754Z] Checked if tokens are valid: true, expires at: 1734386985915
[debug] [2024-12-16T21:11:26.754Z] >>> [apiv2][query] POST https://iam.googleapis.com/v1/projects/resumerushgodot/serviceAccounts/resumerushgodot@appspot.gserviceaccount.com:testIamPermissions [none]
[debug] [2024-12-16T21:11:26.754Z] >>> [apiv2][body] POST https://iam.googleapis.com/v1/projects/resumerushgodot/serviceAccounts/resumerushgodot@appspot.gserviceaccount.com:testIamPermissions {"permissions":["iam.serviceAccounts.actAs"]}
[debug] [2024-12-16T21:11:26.851Z] <<< [apiv2][status] POST https://iam.googleapis.com/v1/projects/resumerushgodot/serviceAccounts/resumerushgodot@appspot.gserviceaccount.com:testIamPermissions 200
[debug] [2024-12-16T21:11:26.851Z] <<< [apiv2][body] POST https://iam.googleapis.com/v1/projects/resumerushgodot/serviceAccounts/resumerushgodot@appspot.gserviceaccount.com:testIamPermissions {"permissions":["iam.serviceAccounts.actAs"]}
[info] 
[info] === Deploying to 'resumerushgodot'...
[info] 
[info] i  deploying functions 
[debug] [2024-12-16T21:11:26.856Z] Checked if tokens are valid: true, expires at: 1734386985915
[debug] [2024-12-16T21:11:26.856Z] Checked if tokens are valid: true, expires at: 1734386985915
[debug] [2024-12-16T21:11:26.857Z] >>> [apiv2][query] GET https://cloudresourcemanager.googleapis.com/v1/projects/resumerushgodot [none]
[debug] [2024-12-16T21:11:26.927Z] <<< [apiv2][status] GET https://cloudresourcemanager.googleapis.com/v1/projects/resumerushgodot 200
[debug] [2024-12-16T21:11:26.927Z] <<< [apiv2][body] GET https://cloudresourcemanager.googleapis.com/v1/projects/resumerushgodot {"projectNumber":"789792728951","projectId":"resumerushgodot","lifecycleState":"ACTIVE","name":"ResumeRushGodot","labels":{"firebase":"enabled"},"createTime":"2024-07-31T01:48:15.497908Z"}
[info] i  functions: preparing codebase default for deployment 
[info] i  functions: ensuring required API cloudfunctions.googleapis.com is enabled... 
[debug] [2024-12-16T21:11:26.930Z] Checked if tokens are valid: true, expires at: 1734386985915
[debug] [2024-12-16T21:11:26.930Z] Checked if tokens are valid: true, expires at: 1734386985915
[debug] [2024-12-16T21:11:26.930Z] Checked if tokens are valid: true, expires at: 1734386985915
[debug] [2024-12-16T21:11:26.930Z] Checked if tokens are valid: true, expires at: 1734386985915
[info] i  functions: ensuring required API cloudbuild.googleapis.com is enabled... 
[debug] [2024-12-16T21:11:26.931Z] Checked if tokens are valid: true, expires at: 1734386985915
[debug] [2024-12-16T21:11:26.931Z] Checked if tokens are valid: true, expires at: 1734386985915
[info] i  artifactregistry: ensuring required API artifactregistry.googleapis.com is enabled... 
[debug] [2024-12-16T21:11:26.932Z] Checked if tokens are valid: true, expires at: 1734386985915
[debug] [2024-12-16T21:11:26.932Z] Checked if tokens are valid: true, expires at: 1734386985915
[debug] [2024-12-16T21:11:26.932Z] >>> [apiv2][query] GET https://serviceusage.googleapis.com/v1/projects/resumerushgodot/services/cloudfunctions.googleapis.com [none]
[debug] [2024-12-16T21:11:26.932Z] >>> [apiv2][(partial)header] GET https://serviceusage.googleapis.com/v1/projects/resumerushgodot/services/cloudfunctions.googleapis.com x-goog-quota-user=projects/resumerushgodot
[debug] [2024-12-16T21:11:26.933Z] >>> [apiv2][query] GET https://serviceusage.googleapis.com/v1/projects/resumerushgodot/services/runtimeconfig.googleapis.com [none]
[debug] [2024-12-16T21:11:26.933Z] >>> [apiv2][(partial)header] GET https://serviceusage.googleapis.com/v1/projects/resumerushgodot/services/runtimeconfig.googleapis.com x-goog-quota-user=projects/resumerushgodot
[debug] [2024-12-16T21:11:26.935Z] >>> [apiv2][query] GET https://serviceusage.googleapis.com/v1/projects/resumerushgodot/services/cloudbuild.googleapis.com [none]
[debug] [2024-12-16T21:11:26.935Z] >>> [apiv2][(partial)header] GET https://serviceusage.googleapis.com/v1/projects/resumerushgodot/services/cloudbuild.googleapis.com x-goog-quota-user=projects/resumerushgodot
[debug] [2024-12-16T21:11:26.937Z] >>> [apiv2][query] GET https://serviceusage.googleapis.com/v1/projects/resumerushgodot/services/artifactregistry.googleapis.com [none]
[debug] [2024-12-16T21:11:26.937Z] >>> [apiv2][(partial)header] GET https://serviceusage.googleapis.com/v1/projects/resumerushgodot/services/artifactregistry.googleapis.com x-goog-quota-user=projects/resumerushgodot
[debug] [2024-12-16T21:11:27.182Z] <<< [apiv2][status] GET https://serviceusage.googleapis.com/v1/projects/resumerushgodot/services/runtimeconfig.googleapis.com 200
[debug] [2024-12-16T21:11:27.183Z] <<< [apiv2][body] GET https://serviceusage.googleapis.com/v1/projects/resumerushgodot/services/runtimeconfig.googleapis.com [omitted]
[debug] [2024-12-16T21:11:27.185Z] <<< [apiv2][status] GET https://serviceusage.googleapis.com/v1/projects/resumerushgodot/services/artifactregistry.googleapis.com 200
[debug] [2024-12-16T21:11:27.185Z] <<< [apiv2][body] GET https://serviceusage.googleapis.com/v1/projects/resumerushgodot/services/artifactregistry.googleapis.com [omitted]
[info] +  artifactregistry: required API artifactregistry.googleapis.com is enabled 
[debug] [2024-12-16T21:11:27.187Z] <<< [apiv2][status] GET https://serviceusage.googleapis.com/v1/projects/resumerushgodot/services/cloudbuild.googleapis.com 200
[debug] [2024-12-16T21:11:27.187Z] <<< [apiv2][body] GET https://serviceusage.googleapis.com/v1/projects/resumerushgodot/services/cloudbuild.googleapis.com [omitted]
[info] +  functions: required API cloudbuild.googleapis.com is enabled 
[debug] [2024-12-16T21:11:27.188Z] <<< [apiv2][status] GET https://serviceusage.googleapis.com/v1/projects/resumerushgodot/services/cloudfunctions.googleapis.com 200
[debug] [2024-12-16T21:11:27.189Z] <<< [apiv2][body] GET https://serviceusage.googleapis.com/v1/projects/resumerushgodot/services/cloudfunctions.googleapis.com [omitted]
[info] +  functions: required API cloudfunctions.googleapis.com is enabled 
[debug] [2024-12-16T21:11:27.189Z] Checked if tokens are valid: true, expires at: 1734386985915
[debug] [2024-12-16T21:11:27.189Z] Checked if tokens are valid: true, expires at: 1734386985915
[debug] [2024-12-16T21:11:27.190Z] >>> [apiv2][query] GET https://firebase.googleapis.com/v1beta1/projects/resumerushgodot/adminSdkConfig [none]
[debug] [2024-12-16T21:11:27.332Z] <<< [apiv2][status] GET https://firebase.googleapis.com/v1beta1/projects/resumerushgodot/adminSdkConfig 200
[debug] [2024-12-16T21:11:27.332Z] <<< [apiv2][body] GET https://firebase.googleapis.com/v1beta1/projects/resumerushgodot/adminSdkConfig {"projectId":"resumerushgodot","databaseURL":"https://resumerushgodot-default-rtdb.firebaseio.com","storageBucket":"resumerushgodot.firebasestorage.app"}
[debug] [2024-12-16T21:11:27.333Z] Checked if tokens are valid: true, expires at: 1734386985915
[debug] [2024-12-16T21:11:27.333Z] Checked if tokens are valid: true, expires at: 1734386985915
[debug] [2024-12-16T21:11:27.333Z] >>> [apiv2][query] GET https://runtimeconfig.googleapis.com/v1beta1/projects/resumerushgodot/configs [none]
[debug] [2024-12-16T21:11:27.448Z] <<< [apiv2][status] GET https://runtimeconfig.googleapis.com/v1beta1/projects/resumerushgodot/configs 200
[debug] [2024-12-16T21:11:27.449Z] <<< [apiv2][body] GET https://runtimeconfig.googleapis.com/v1beta1/projects/resumerushgodot/configs {}
[debug] [2024-12-16T21:11:27.451Z] Validating nodejs source
[warn] !  functions: package.json indicates an outdated version of firebase-functions. Please upgrade using npm install --save firebase-functions@latest in your functions directory. 
[warn] !  functions: Please note that there will be breaking changes when you upgrade. 
[debug] [2024-12-16T21:11:29.332Z] > [functions] package.json contents: {
  "name": "functions",
  "description": "Cloud Functions for Firebase",
  "scripts": {
    "lint": "",
    "serve": "firebase emulators:start --only functions",
    "shell": "firebase functions:shell",
    "start": "npm run shell",
    "deploy": "firebase deploy --only functions",
    "logs": "firebase functions:log"
  },
  "engines": {
    "node": "18"
  },
  "main": "index.js",
  "dependencies": {
    "cors": "^2.8.5",
    "firebase-admin": "^12.3.0",
    "firebase-functions": "^5.0.0",
    "ws": "^8.13.0"
  },
  "devDependencies": {
    "eslint": "^8.15.0",
    "eslint-config-google": "^0.14.0",
    "firebase-functions-test": "^3.1.0"
  },
  "private": true
}
[debug] [2024-12-16T21:11:29.332Z] Building nodejs source
[info] i  functions: Loading and analyzing source code for codebase default to determine what to deploy 
[info] i  functions: You are using a version of firebase-functions SDK (5.0.1) that does not have support for the newest Firebase Extensions features. Please update firebase-functions SDK to >=5.1.0 to use them correctly 
[debug] [2024-12-16T21:11:29.335Z] Could not find functions.yaml. Must use http discovery
[debug] [2024-12-16T21:11:29.352Z] Found firebase-functions binary at 'C:\Users\chris\IdeaProjects\ResumeRushFirebase\functions\node_modules\.bin\firebase-functions'
[info] Serving at port 8372

[debug] [2024-12-16T21:11:30.405Z] Got response from /__/functions.yaml {"endpoints":{"webRTCSignaling":{"platform":"gcfv1","availableMemoryMb":null,"timeoutSeconds":null,"minInstances":null,"maxInstances":null,"ingressSettings":null,"serviceAccountEmail":null,"vpc":null,"httpsTrigger":{},"entryPoint":"webRTCSignaling"},"cleanupInactiveRooms":{"platform":"gcfv1","availableMemoryMb":null,"timeoutSeconds":null,"minInstances":null,"maxInstances":null,"ingressSettings":null,"serviceAccountEmail":null,"vpc":null,"scheduleTrigger":{"schedule":"every 24 hours","retryConfig":{"retryCount":null,"maxDoublings":null,"maxRetryDuration":null,"maxBackoffDuration":null,"minBackoffDuration":null},"timeZone":null},"labels":{},"entryPoint":"cleanupInactiveRooms"}},"specVersion":"v1alpha1","requiredAPIs":[{"api":"cloudscheduler.googleapis.com","reason":"Needed for scheduled functions."}]}
[info] i  functions: preparing functions directory for uploading... 
[info] i  functions: packaged C:\Users\chris\IdeaProjects\ResumeRushFirebase\functions (73.39 KB) for uploading 
[debug] [2024-12-16T21:11:35.528Z] Checked if tokens are valid: true, expires at: 1734386985915
[debug] [2024-12-16T21:11:35.528Z] Checked if tokens are valid: true, expires at: 1734386985915
[debug] [2024-12-16T21:11:35.529Z] >>> [apiv2][query] GET https://cloudfunctions.googleapis.com/v1/projects/resumerushgodot/locations/-/functions [none]
[debug] [2024-12-16T21:11:36.193Z] <<< [apiv2][status] GET https://cloudfunctions.googleapis.com/v1/projects/resumerushgodot/locations/-/functions 200
[debug] [2024-12-16T21:11:36.193Z] <<< [apiv2][body] GET https://cloudfunctions.googleapis.com/v1/projects/resumerushgodot/locations/-/functions {"functions":[{"name":"projects/resumerushgodot/locations/us-central1/functions/cleanupInactiveRooms","eventTrigger":{"eventType":"google.pubsub.topic.publish","resource":"projects/resumerushgodot/topics/firebase-schedule-cleanupInactiveRooms-us-central1","service":"pubsub.googleapis.com","failurePolicy":{}},"status":"ACTIVE","entryPoint":"cleanupInactiveRooms","timeout":"60s","availableMemoryMb":256,"serviceAccountEmail":"resumerushgodot@appspot.gserviceaccount.com","updateTime":"2024-12-16T17:18:50.708Z","versionId":"3","labels":{"deployment-tool":"cli-firebase","deployment-scheduled":"true","firebase-functions-hash":"757f22bd30821cc80dbaf5533a9a0fb94ac8f51c"},"sourceUploadUrl":"https://storage.googleapis.com/uploads-783299374156.us-central1.cloudfunctions.appspot.com/2c9d680d-15eb-4fd4-9068-552d470aa679.zip","environmentVariables":{"FIREBASE_CONFIG":"{\"projectId\":\"resumerushgodot\",\"databaseURL\":\"https://resumerushgodot-default-rtdb.firebaseio.com\",\"storageBucket\":\"resumerushgodot.firebasestorage.app\"}","GCLOUD_PROJECT":"resumerushgodot","EVENTARC_CLOUD_EVENT_SOURCE":"projects/resumerushgodot/locations/us-central1/functions/cleanupInactiveRooms"},"runtime":"nodejs18","maxInstances":3000,"ingressSettings":"ALLOW_ALL","buildId":"2c4f555e-3813-47e7-a9b1-b0f59e6c8005","buildEnvironmentVariables":{"GOOGLE_NODE_RUN_SCRIPTS":""},"buildName":"projects/789792728951/locations/us-central1/builds/2c4f555e-3813-47e7-a9b1-b0f59e6c8005","dockerRegistry":"ARTIFACT_REGISTRY","automaticUpdatePolicy":{},"buildServiceAccount":"projects/resumerushgodot/serviceAccounts/789792728951-compute@developer.gserviceaccount.com"},{"name":"projects/resumerushgodot/locations/us-central1/functions/webRTCSignaling","httpsTrigger":{"url":"https://us-central1-resumerushgodot.cloudfunctions.net/webRTCSignaling","securityLevel":"SECURE_ALWAYS"},"status":"ACTIVE","entryPoint":"webRTCSignaling","timeout":"60s","availableMemoryMb":256,"serviceAccountEmail":"resumerushgodot@appspot.gserviceaccount.com","updateTime":"2024-12-16T17:18:34.426Z","versionId":"11","labels":{"deployment-tool":"cli-firebase","firebase-functions-hash":"757f22bd30821cc80dbaf5533a9a0fb94ac8f51c"},"sourceUploadUrl":"https://storage.googleapis.com/uploads-783299374156.us-central1.cloudfunctions.appspot.com/2c9d680d-15eb-4fd4-9068-552d470aa679.zip","environmentVariables":{"FIREBASE_CONFIG":"{\"projectId\":\"resumerushgodot\",\"databaseURL\":\"https://resumerushgodot-default-rtdb.firebaseio.com\",\"storageBucket\":\"resumerushgodot.firebasestorage.app\"}","GCLOUD_PROJECT":"resumerushgodot","EVENTARC_CLOUD_EVENT_SOURCE":"projects/resumerushgodot/locations/us-central1/functions/webRTCSignaling"},"runtime":"nodejs18","ingressSettings":"ALLOW_ALL","buildId":"2c4f555e-3813-47e7-a9b1-b0f59e6c8005","buildEnvironmentVariables":{"GOOGLE_NODE_RUN_SCRIPTS":""},"buildName":"projects/789792728951/locations/us-central1/builds/2c4f555e-3813-47e7-a9b1-b0f59e6c8005","dockerRegistry":"ARTIFACT_REGISTRY","automaticUpdatePolicy":{},"buildServiceAccount":"789792728951-compute@developer.gserviceaccount.com"}]}
[debug] [2024-12-16T21:11:36.195Z] Checked if tokens are valid: true, expires at: 1734386985915
[debug] [2024-12-16T21:11:36.195Z] Checked if tokens are valid: true, expires at: 1734386985915
[debug] [2024-12-16T21:11:36.196Z] >>> [apiv2][query] GET https://cloudfunctions.googleapis.com/v2/projects/resumerushgodot/locations/-/functions filter=environment%3D%22GEN_2%22
[debug] [2024-12-16T21:11:36.601Z] <<< [apiv2][status] GET https://cloudfunctions.googleapis.com/v2/projects/resumerushgodot/locations/-/functions 200
[debug] [2024-12-16T21:11:36.602Z] <<< [apiv2][body] GET https://cloudfunctions.googleapis.com/v2/projects/resumerushgodot/locations/-/functions {}
[info] i  functions: ensuring required API cloudscheduler.googleapis.com is enabled... 
[debug] [2024-12-16T21:11:36.606Z] Checked if tokens are valid: true, expires at: 1734386985915
[debug] [2024-12-16T21:11:36.606Z] Checked if tokens are valid: true, expires at: 1734386985915
[debug] [2024-12-16T21:11:36.607Z] >>> [apiv2][query] GET https://serviceusage.googleapis.com/v1/projects/resumerushgodot/services/cloudscheduler.googleapis.com [none]
[debug] [2024-12-16T21:11:36.607Z] >>> [apiv2][(partial)header] GET https://serviceusage.googleapis.com/v1/projects/resumerushgodot/services/cloudscheduler.googleapis.com x-goog-quota-user=projects/resumerushgodot
[debug] [2024-12-16T21:11:37.010Z] <<< [apiv2][status] GET https://serviceusage.googleapis.com/v1/projects/resumerushgodot/services/cloudscheduler.googleapis.com 200
[debug] [2024-12-16T21:11:37.010Z] <<< [apiv2][body] GET https://serviceusage.googleapis.com/v1/projects/resumerushgodot/services/cloudscheduler.googleapis.com [omitted]
[info] +  functions: required API cloudscheduler.googleapis.com is enabled 
[debug] [2024-12-16T21:11:37.014Z] Checked if tokens are valid: true, expires at: 1734386985915
[debug] [2024-12-16T21:11:37.014Z] Checked if tokens are valid: true, expires at: 1734386985915
[debug] [2024-12-16T21:11:37.014Z] >>> [apiv2][query] GET https://cloudresourcemanager.googleapis.com/v1/projects/resumerushgodot [none]
[debug] [2024-12-16T21:11:37.164Z] <<< [apiv2][status] GET https://cloudresourcemanager.googleapis.com/v1/projects/resumerushgodot 200
[debug] [2024-12-16T21:11:37.164Z] <<< [apiv2][body] GET https://cloudresourcemanager.googleapis.com/v1/projects/resumerushgodot {"projectNumber":"789792728951","projectId":"resumerushgodot","lifecycleState":"ACTIVE","name":"ResumeRushGodot","labels":{"firebase":"enabled"},"createTime":"2024-07-31T01:48:15.497908Z"}
[debug] [2024-12-16T21:11:37.167Z] Checked if tokens are valid: true, expires at: 1734386985915
[debug] [2024-12-16T21:11:37.167Z] Checked if tokens are valid: true, expires at: 1734386985915
[debug] [2024-12-16T21:11:37.167Z] >>> [apiv2][query] POST https://cloudfunctions.googleapis.com/v1/projects/resumerushgodot/locations/us-central1/functions:generateUploadUrl [none]
[debug] [2024-12-16T21:11:37.167Z] >>> [apiv2][body] POST https://cloudfunctions.googleapis.com/v1/projects/resumerushgodot/locations/us-central1/functions:generateUploadUrl {}
[debug] [2024-12-16T21:11:37.647Z] <<< [apiv2][status] POST https://cloudfunctions.googleapis.com/v1/projects/resumerushgodot/locations/us-central1/functions:generateUploadUrl 200
[debug] [2024-12-16T21:11:37.648Z] <<< [apiv2][body] POST https://cloudfunctions.googleapis.com/v1/projects/resumerushgodot/locations/us-central1/functions:generateUploadUrl {"uploadUrl":"https://storage.googleapis.com/uploads-783299374156.us-central1.cloudfunctions.appspot.com/edebf333-d4cf-47df-a936-e38479e55e45.zip?GoogleAccessId=service-789792728951@gcf-admin-robot.iam.gserviceaccount.com&Expires=1734385298&Signature=YiKIkOMWhqsilJ9SyaZ1Okny5XRb%2Bi9XLzy0HNDEKQDVlGmgaoey61QYjLx%2BWzEfRTJdcdoA0miWLhWhez9IQNcxokNUUjPxW5G9gG4du0eD8D9i%2BNcqmE0PURpmgSpvRwtDwzzr366L1kV9EQnuNdKsNkNUPDd5QRLzqyk5dZFO6I5NwDsg60%2FGQLE%2FxDTxuawHXQRcEeT%2F2AeCujVKqDhgU9pUOTRYsmCxsDnUWahjtzrlt1q3WaHWP%2BQ5QBNx8YwUfByPiNZYD1YJx4uxu1Uoo%2BjxhiFy7RMJM9OQUA840cznkM7aOnzMpgu4mP31hM4zGBig6sgpA5oPZbbnDw%3D%3D"}
[debug] [2024-12-16T21:11:37.649Z] >>> [apiv2][query] PUT https://storage.googleapis.com/uploads-783299374156.us-central1.cloudfunctions.appspot.com/edebf333-d4cf-47df-a936-e38479e55e45.zip GoogleAccessId=service-789792728951%40gcf-admin-robot.iam.gserviceaccount.com&Expires=1734385298&Signature=YiKIkOMWhqsilJ9SyaZ1Okny5XRb%2Bi9XLzy0HNDEKQDVlGmgaoey61QYjLx%2BWzEfRTJdcdoA0miWLhWhez9IQNcxokNUUjPxW5G9gG4du0eD8D9i%2BNcqmE0PURpmgSpvRwtDwzzr366L1kV9EQnuNdKsNkNUPDd5QRLzqyk5dZFO6I5NwDsg60%2FGQLE%2FxDTxuawHXQRcEeT%2F2AeCujVKqDhgU9pUOTRYsmCxsDnUWahjtzrlt1q3WaHWP%2BQ5QBNx8YwUfByPiNZYD1YJx4uxu1Uoo%2BjxhiFy7RMJM9OQUA840cznkM7aOnzMpgu4mP31hM4zGBig6sgpA5oPZbbnDw%3D%3D
[debug] [2024-12-16T21:11:37.649Z] >>> [apiv2][body] PUT https://storage.googleapis.com/uploads-783299374156.us-central1.cloudfunctions.appspot.com/edebf333-d4cf-47df-a936-e38479e55e45.zip [stream]
[debug] [2024-12-16T21:11:37.930Z] <<< [apiv2][status] PUT https://storage.googleapis.com/uploads-783299374156.us-central1.cloudfunctions.appspot.com/edebf333-d4cf-47df-a936-e38479e55e45.zip 200
[debug] [2024-12-16T21:11:37.930Z] <<< [apiv2][body] PUT https://storage.googleapis.com/uploads-783299374156.us-central1.cloudfunctions.appspot.com/edebf333-d4cf-47df-a936-e38479e55e45.zip [omitted]
[info] +  functions: functions folder uploaded successfully 
[info] i  functions: updating Node.js 18 (1st Gen) function webRTCSignaling(us-central1)... 
[info] i  functions: updating Node.js 18 (1st Gen) function cleanupInactiveRooms(us-central1)... 
[debug] [2024-12-16T21:11:37.940Z] Checked if tokens are valid: true, expires at: 1734386985915
[debug] [2024-12-16T21:11:37.940Z] Checked if tokens are valid: true, expires at: 1734386985915
[debug] [2024-12-16T21:11:37.941Z] >>> [apiv2][query] PATCH https://cloudfunctions.googleapis.com/v1/projects/resumerushgodot/locations/us-central1/functions/webRTCSignaling updateMask=name%2CsourceUploadUrl%2CentryPoint%2Cruntime%2CdockerRegistry%2Clabels%2ChttpsTrigger.securityLevel%2CminInstances%2CmaxInstances%2CingressSettings%2CenvironmentVariables%2CserviceAccountEmail%2CavailableMemoryMb%2Ctimeout%2CvpcConnector%2CvpcConnectorEgressSettings%2CsourceToken%2CbuildEnvironmentVariables
[debug] [2024-12-16T21:11:37.941Z] >>> [apiv2][body] PATCH https://cloudfunctions.googleapis.com/v1/projects/resumerushgodot/locations/us-central1/functions/webRTCSignaling {"name":"projects/resumerushgodot/locations/us-central1/functions/webRTCSignaling","sourceUploadUrl":"https://storage.googleapis.com/uploads-783299374156.us-central1.cloudfunctions.appspot.com/edebf333-d4cf-47df-a936-e38479e55e45.zip?GoogleAccessId=service-789792728951@gcf-admin-robot.iam.gserviceaccount.com&Expires=1734385298&Signature=YiKIkOMWhqsilJ9SyaZ1Okny5XRb%2Bi9XLzy0HNDEKQDVlGmgaoey61QYjLx%2BWzEfRTJdcdoA0miWLhWhez9IQNcxokNUUjPxW5G9gG4du0eD8D9i%2BNcqmE0PURpmgSpvRwtDwzzr366L1kV9EQnuNdKsNkNUPDd5QRLzqyk5dZFO6I5NwDsg60%2FGQLE%2FxDTxuawHXQRcEeT%2F2AeCujVKqDhgU9pUOTRYsmCxsDnUWahjtzrlt1q3WaHWP%2BQ5QBNx8YwUfByPiNZYD1YJx4uxu1Uoo%2BjxhiFy7RMJM9OQUA840cznkM7aOnzMpgu4mP31hM4zGBig6sgpA5oPZbbnDw%3D%3D","entryPoint":"webRTCSignaling","runtime":"nodejs18","dockerRegistry":"ARTIFACT_REGISTRY","labels":{"deployment-tool":"cli-firebase","firebase-functions-hash":"9cf5e520a913aa24af6fb0114f7285b50828bcd0"},"httpsTrigger":{"securityLevel":"SECURE_ALWAYS"},"minInstances":null,"maxInstances":null,"ingressSettings":null,"environmentVariables":{"FIREBASE_CONFIG":"{\"projectId\":\"resumerushgodot\",\"databaseURL\":\"https://resumerushgodot-default-rtdb.firebaseio.com\",\"storageBucket\":\"resumerushgodot.firebasestorage.app\"}","GCLOUD_PROJECT":"resumerushgodot","EVENTARC_CLOUD_EVENT_SOURCE":"projects/resumerushgodot/locations/us-central1/functions/webRTCSignaling"},"serviceAccountEmail":null,"availableMemoryMb":null,"timeout":null,"vpcConnector":null,"vpcConnectorEgressSettings":null,"buildEnvironmentVariables":{"GOOGLE_NODE_RUN_SCRIPTS":""}}
[debug] [2024-12-16T21:11:38.442Z] <<< [apiv2][status] PATCH https://cloudfunctions.googleapis.com/v1/projects/resumerushgodot/locations/us-central1/functions/webRTCSignaling 200
[debug] [2024-12-16T21:11:38.443Z] <<< [apiv2][body] PATCH https://cloudfunctions.googleapis.com/v1/projects/resumerushgodot/locations/us-central1/functions/webRTCSignaling {"name":"operations/cmVzdW1lcnVzaGdvZG90L3VzLWNlbnRyYWwxL3dlYlJUQ1NpZ25hbGluZy9pWnpYbm1EWmFNcw","metadata":{"@type":"type.googleapis.com/google.cloud.functions.v1.OperationMetadataV1","target":"projects/resumerushgodot/locations/us-central1/functions/webRTCSignaling","type":"UPDATE_FUNCTION","request":{"@type":"type.googleapis.com/google.cloud.functions.v1.CloudFunction","name":"projects/resumerushgodot/locations/us-central1/functions/webRTCSignaling","httpsTrigger":{"url":"https://us-central1-resumerushgodot.cloudfunctions.net/webRTCSignaling","securityLevel":"SECURE_ALWAYS"},"status":"ACTIVE","entryPoint":"webRTCSignaling","updateTime":"2024-12-16T17:18:34.426Z","versionId":"11","labels":{"deployment-tool":"cli-firebase","firebase-functions-hash":"9cf5e520a913aa24af6fb0114f7285b50828bcd0"},"sourceUploadUrl":"https://storage.googleapis.com/uploads-783299374156.us-central1.cloudfunctions.appspot.com/edebf333-d4cf-47df-a936-e38479e55e45.zip?GoogleAccessId=service-789792728951@gcf-admin-robot.iam.gserviceaccount.com&Expires=1734385298&Signature=YiKIkOMWhqsilJ9SyaZ1Okny5XRb%2Bi9XLzy0HNDEKQDVlGmgaoey61QYjLx%2BWzEfRTJdcdoA0miWLhWhez9IQNcxokNUUjPxW5G9gG4du0eD8D9i%2BNcqmE0PURpmgSpvRwtDwzzr366L1kV9EQnuNdKsNkNUPDd5QRLzqyk5dZFO6I5NwDsg60%2FGQLE%2FxDTxuawHXQRcEeT%2F2AeCujVKqDhgU9pUOTRYsmCxsDnUWahjtzrlt1q3WaHWP%2BQ5QBNx8YwUfByPiNZYD1YJx4uxu1Uoo%2BjxhiFy7RMJM9OQUA840cznkM7aOnzMpgu4mP31hM4zGBig6sgpA5oPZbbnDw%3D%3D","environmentVariables":{"FIREBASE_CONFIG":"{\"projectId\":\"resumerushgodot\",\"databaseURL\":\"https://resumerushgodot-default-rtdb.firebaseio.com\",\"storageBucket\":\"resumerushgodot.firebasestorage.app\"}","GCLOUD_PROJECT":"resumerushgodot","EVENTARC_CLOUD_EVENT_SOURCE":"projects/resumerushgodot/locations/us-central1/functions/webRTCSignaling"},"runtime":"nodejs18","buildId":"2c4f555e-3813-47e7-a9b1-b0f59e6c8005","buildEnvironmentVariables":{"GOOGLE_NODE_RUN_SCRIPTS":""},"buildName":"projects/789792728951/locations/us-central1/builds/2c4f555e-3813-47e7-a9b1-b0f59e6c8005","dockerRegistry":"ARTIFACT_REGISTRY","automaticUpdatePolicy":{},"buildServiceAccount":"789792728951-compute@developer.gserviceaccount.com"},"versionId":"12","updateTime":"2024-12-16T21:11:38Z"}}
[debug] [2024-12-16T21:11:38.444Z] Checked if tokens are valid: true, expires at: 1734386985915
[debug] [2024-12-16T21:11:38.444Z] Checked if tokens are valid: true, expires at: 1734386985915
[debug] [2024-12-16T21:11:38.444Z] >>> [apiv2][query] GET https://cloudfunctions.googleapis.com/v1/operations/cmVzdW1lcnVzaGdvZG90L3VzLWNlbnRyYWwxL3dlYlJUQ1NpZ25hbGluZy9pWnpYbm1EWmFNcw [none]
[debug] [2024-12-16T21:11:38.545Z] <<< [apiv2][status] GET https://cloudfunctions.googleapis.com/v1/operations/cmVzdW1lcnVzaGdvZG90L3VzLWNlbnRyYWwxL3dlYlJUQ1NpZ25hbGluZy9pWnpYbm1EWmFNcw 200
[debug] [2024-12-16T21:11:38.545Z] <<< [apiv2][body] GET https://cloudfunctions.googleapis.com/v1/operations/cmVzdW1lcnVzaGdvZG90L3VzLWNlbnRyYWwxL3dlYlJUQ1NpZ25hbGluZy9pWnpYbm1EWmFNcw {"name":"operations/cmVzdW1lcnVzaGdvZG90L3VzLWNlbnRyYWwxL3dlYlJUQ1NpZ25hbGluZy9pWnpYbm1EWmFNcw","metadata":{"@type":"type.googleapis.com/google.cloud.functions.v1.OperationMetadataV1","target":"projects/resumerushgodot/locations/us-central1/functions/webRTCSignaling","type":"UPDATE_FUNCTION","request":{"@type":"type.googleapis.com/google.cloud.functions.v1.CloudFunction","name":"projects/resumerushgodot/locations/us-central1/functions/webRTCSignaling","httpsTrigger":{"url":"https://us-central1-resumerushgodot.cloudfunctions.net/webRTCSignaling","securityLevel":"SECURE_ALWAYS"},"status":"ACTIVE","entryPoint":"webRTCSignaling","updateTime":"2024-12-16T17:18:34.426Z","versionId":"11","labels":{"deployment-tool":"cli-firebase","firebase-functions-hash":"9cf5e520a913aa24af6fb0114f7285b50828bcd0"},"sourceUploadUrl":"https://storage.googleapis.com/uploads-783299374156.us-central1.cloudfunctions.appspot.com/edebf333-d4cf-47df-a936-e38479e55e45.zip?GoogleAccessId=service-789792728951@gcf-admin-robot.iam.gserviceaccount.com&Expires=1734385298&Signature=YiKIkOMWhqsilJ9SyaZ1Okny5XRb%2Bi9XLzy0HNDEKQDVlGmgaoey61QYjLx%2BWzEfRTJdcdoA0miWLhWhez9IQNcxokNUUjPxW5G9gG4du0eD8D9i%2BNcqmE0PURpmgSpvRwtDwzzr366L1kV9EQnuNdKsNkNUPDd5QRLzqyk5dZFO6I5NwDsg60%2FGQLE%2FxDTxuawHXQRcEeT%2F2AeCujVKqDhgU9pUOTRYsmCxsDnUWahjtzrlt1q3WaHWP%2BQ5QBNx8YwUfByPiNZYD1YJx4uxu1Uoo%2BjxhiFy7RMJM9OQUA840cznkM7aOnzMpgu4mP31hM4zGBig6sgpA5oPZbbnDw%3D%3D","environmentVariables":{"FIREBASE_CONFIG":"{\"projectId\":\"resumerushgodot\",\"databaseURL\":\"https://resumerushgodot-default-rtdb.firebaseio.com\",\"storageBucket\":\"resumerushgodot.firebasestorage.app\"}","GCLOUD_PROJECT":"resumerushgodot","EVENTARC_CLOUD_EVENT_SOURCE":"projects/resumerushgodot/locations/us-central1/functions/webRTCSignaling"},"runtime":"nodejs18","buildId":"2c4f555e-3813-47e7-a9b1-b0f59e6c8005","buildEnvironmentVariables":{"GOOGLE_NODE_RUN_SCRIPTS":""},"buildName":"projects/789792728951/locations/us-central1/builds/2c4f555e-3813-47e7-a9b1-b0f59e6c8005","dockerRegistry":"ARTIFACT_REGISTRY","automaticUpdatePolicy":{},"buildServiceAccount":"789792728951-compute@developer.gserviceaccount.com"},"versionId":"12","updateTime":"2024-12-16T21:11:38Z"}}
[debug] [2024-12-16T21:11:39.058Z] [update-default-us-central1-webRTCSignaling] Retrying task index 0
[debug] [2024-12-16T21:11:39.058Z] Checked if tokens are valid: true, expires at: 1734386985915
[debug] [2024-12-16T21:11:39.059Z] Checked if tokens are valid: true, expires at: 1734386985915
[debug] [2024-12-16T21:11:39.059Z] >>> [apiv2][query] GET https://cloudfunctions.googleapis.com/v1/operations/cmVzdW1lcnVzaGdvZG90L3VzLWNlbnRyYWwxL3dlYlJUQ1NpZ25hbGluZy9pWnpYbm1EWmFNcw [none]
[debug] [2024-12-16T21:11:39.123Z] <<< [apiv2][status] GET https://cloudfunctions.googleapis.com/v1/operations/cmVzdW1lcnVzaGdvZG90L3VzLWNlbnRyYWwxL3dlYlJUQ1NpZ25hbGluZy9pWnpYbm1EWmFNcw 200
[debug] [2024-12-16T21:11:39.124Z] <<< [apiv2][body] GET https://cloudfunctions.googleapis.com/v1/operations/cmVzdW1lcnVzaGdvZG90L3VzLWNlbnRyYWwxL3dlYlJUQ1NpZ25hbGluZy9pWnpYbm1EWmFNcw {"name":"operations/cmVzdW1lcnVzaGdvZG90L3VzLWNlbnRyYWwxL3dlYlJUQ1NpZ25hbGluZy9pWnpYbm1EWmFNcw","metadata":{"@type":"type.googleapis.com/google.cloud.functions.v1.OperationMetadataV1","target":"projects/resumerushgodot/locations/us-central1/functions/webRTCSignaling","type":"UPDATE_FUNCTION","request":{"@type":"type.googleapis.com/google.cloud.functions.v1.CloudFunction","name":"projects/resumerushgodot/locations/us-central1/functions/webRTCSignaling","httpsTrigger":{"url":"https://us-central1-resumerushgodot.cloudfunctions.net/webRTCSignaling","securityLevel":"SECURE_ALWAYS"},"status":"ACTIVE","entryPoint":"webRTCSignaling","updateTime":"2024-12-16T17:18:34.426Z","versionId":"11","labels":{"deployment-tool":"cli-firebase","firebase-functions-hash":"9cf5e520a913aa24af6fb0114f7285b50828bcd0"},"sourceUploadUrl":"https://storage.googleapis.com/uploads-783299374156.us-central1.cloudfunctions.appspot.com/edebf333-d4cf-47df-a936-e38479e55e45.zip?GoogleAccessId=service-789792728951@gcf-admin-robot.iam.gserviceaccount.com&Expires=1734385298&Signature=YiKIkOMWhqsilJ9SyaZ1Okny5XRb%2Bi9XLzy0HNDEKQDVlGmgaoey61QYjLx%2BWzEfRTJdcdoA0miWLhWhez9IQNcxokNUUjPxW5G9gG4du0eD8D9i%2BNcqmE0PURpmgSpvRwtDwzzr366L1kV9EQnuNdKsNkNUPDd5QRLzqyk5dZFO6I5NwDsg60%2FGQLE%2FxDTxuawHXQRcEeT%2F2AeCujVKqDhgU9pUOTRYsmCxsDnUWahjtzrlt1q3WaHWP%2BQ5QBNx8YwUfByPiNZYD1YJx4uxu1Uoo%2BjxhiFy7RMJM9OQUA840cznkM7aOnzMpgu4mP31hM4zGBig6sgpA5oPZbbnDw%3D%3D","environmentVariables":{"FIREBASE_CONFIG":"{\"projectId\":\"resumerushgodot\",\"databaseURL\":\"https://resumerushgodot-default-rtdb.firebaseio.com\",\"storageBucket\":\"resumerushgodot.firebasestorage.app\"}","GCLOUD_PROJECT":"resumerushgodot","EVENTARC_CLOUD_EVENT_SOURCE":"projects/resumerushgodot/locations/us-central1/functions/webRTCSignaling"},"runtime":"nodejs18","buildId":"2c4f555e-3813-47e7-a9b1-b0f59e6c8005","buildEnvironmentVariables":{"GOOGLE_NODE_RUN_SCRIPTS":""},"buildName":"projects/789792728951/locations/us-central1/builds/2c4f555e-3813-47e7-a9b1-b0f59e6c8005","dockerRegistry":"ARTIFACT_REGISTRY","automaticUpdatePolicy":{},"buildServiceAccount":"789792728951-compute@developer.gserviceaccount.com"},"versionId":"12","updateTime":"2024-12-16T21:11:38Z"}}
[debug] [2024-12-16T21:11:40.135Z] [update-default-us-central1-webRTCSignaling] Retrying task index 0
[debug] [2024-12-16T21:11:40.136Z] Checked if tokens are valid: true, expires at: 1734386985915
[debug] [2024-12-16T21:11:40.136Z] Checked if tokens are valid: true, expires at: 1734386985915
[debug] [2024-12-16T21:11:40.136Z] >>> [apiv2][query] GET https://cloudfunctions.googleapis.com/v1/operations/cmVzdW1lcnVzaGdvZG90L3VzLWNlbnRyYWwxL3dlYlJUQ1NpZ25hbGluZy9pWnpYbm1EWmFNcw [none]
[debug] [2024-12-16T21:11:40.222Z] <<< [apiv2][status] GET https://cloudfunctions.googleapis.com/v1/operations/cmVzdW1lcnVzaGdvZG90L3VzLWNlbnRyYWwxL3dlYlJUQ1NpZ25hbGluZy9pWnpYbm1EWmFNcw 200
[debug] [2024-12-16T21:11:40.222Z] <<< [apiv2][body] GET https://cloudfunctions.googleapis.com/v1/operations/cmVzdW1lcnVzaGdvZG90L3VzLWNlbnRyYWwxL3dlYlJUQ1NpZ25hbGluZy9pWnpYbm1EWmFNcw {"name":"operations/cmVzdW1lcnVzaGdvZG90L3VzLWNlbnRyYWwxL3dlYlJUQ1NpZ25hbGluZy9pWnpYbm1EWmFNcw","metadata":{"@type":"type.googleapis.com/google.cloud.functions.v1.OperationMetadataV1","target":"projects/resumerushgodot/locations/us-central1/functions/webRTCSignaling","type":"UPDATE_FUNCTION","request":{"@type":"type.googleapis.com/google.cloud.functions.v1.CloudFunction","name":"projects/resumerushgodot/locations/us-central1/functions/webRTCSignaling","httpsTrigger":{"url":"https://us-central1-resumerushgodot.cloudfunctions.net/webRTCSignaling","securityLevel":"SECURE_ALWAYS"},"status":"ACTIVE","entryPoint":"webRTCSignaling","updateTime":"2024-12-16T17:18:34.426Z","versionId":"11","labels":{"deployment-tool":"cli-firebase","firebase-functions-hash":"9cf5e520a913aa24af6fb0114f7285b50828bcd0"},"sourceUploadUrl":"https://storage.googleapis.com/uploads-783299374156.us-central1.cloudfunctions.appspot.com/edebf333-d4cf-47df-a936-e38479e55e45.zip?GoogleAccessId=service-789792728951@gcf-admin-robot.iam.gserviceaccount.com&Expires=1734385298&Signature=YiKIkOMWhqsilJ9SyaZ1Okny5XRb%2Bi9XLzy0HNDEKQDVlGmgaoey61QYjLx%2BWzEfRTJdcdoA0miWLhWhez9IQNcxokNUUjPxW5G9gG4du0eD8D9i%2BNcqmE0PURpmgSpvRwtDwzzr366L1kV9EQnuNdKsNkNUPDd5QRLzqyk5dZFO6I5NwDsg60%2FGQLE%2FxDTxuawHXQRcEeT%2F2AeCujVKqDhgU9pUOTRYsmCxsDnUWahjtzrlt1q3WaHWP%2BQ5QBNx8YwUfByPiNZYD1YJx4uxu1Uoo%2BjxhiFy7RMJM9OQUA840cznkM7aOnzMpgu4mP31hM4zGBig6sgpA5oPZbbnDw%3D%3D","environmentVariables":{"FIREBASE_CONFIG":"{\"projectId\":\"resumerushgodot\",\"databaseURL\":\"https://resumerushgodot-default-rtdb.firebaseio.com\",\"storageBucket\":\"resumerushgodot.firebasestorage.app\"}","GCLOUD_PROJECT":"resumerushgodot","EVENTARC_CLOUD_EVENT_SOURCE":"projects/resumerushgodot/locations/us-central1/functions/webRTCSignaling"},"runtime":"nodejs18","buildId":"2c4f555e-3813-47e7-a9b1-b0f59e6c8005","buildEnvironmentVariables":{"GOOGLE_NODE_RUN_SCRIPTS":""},"buildName":"projects/789792728951/locations/us-central1/builds/2c4f555e-3813-47e7-a9b1-b0f59e6c8005","dockerRegistry":"ARTIFACT_REGISTRY","automaticUpdatePolicy":{},"buildServiceAccount":"789792728951-compute@developer.gserviceaccount.com"},"versionId":"12","updateTime":"2024-12-16T21:11:38Z","buildId":"4b7182fd-0280-4171-909b-b617ff4dfe61","buildName":"projects/789792728951/locations/us-central1/builds/4b7182fd-0280-4171-909b-b617ff4dfe61"}}
[debug] [2024-12-16T21:11:42.228Z] [update-default-us-central1-webRTCSignaling] Retrying task index 0
[debug] [2024-12-16T21:11:42.229Z] Checked if tokens are valid: true, expires at: 1734386985915
[debug] [2024-12-16T21:11:42.229Z] Checked if tokens are valid: true, expires at: 1734386985915
[debug] [2024-12-16T21:11:42.229Z] >>> [apiv2][query] GET https://cloudfunctions.googleapis.com/v1/operations/cmVzdW1lcnVzaGdvZG90L3VzLWNlbnRyYWwxL3dlYlJUQ1NpZ25hbGluZy9pWnpYbm1EWmFNcw [none]
[debug] [2024-12-16T21:11:42.321Z] <<< [apiv2][status] GET https://cloudfunctions.googleapis.com/v1/operations/cmVzdW1lcnVzaGdvZG90L3VzLWNlbnRyYWwxL3dlYlJUQ1NpZ25hbGluZy9pWnpYbm1EWmFNcw 200
[debug] [2024-12-16T21:11:42.321Z] <<< [apiv2][body] GET https://cloudfunctions.googleapis.com/v1/operations/cmVzdW1lcnVzaGdvZG90L3VzLWNlbnRyYWwxL3dlYlJUQ1NpZ25hbGluZy9pWnpYbm1EWmFNcw {"name":"operations/cmVzdW1lcnVzaGdvZG90L3VzLWNlbnRyYWwxL3dlYlJUQ1NpZ25hbGluZy9pWnpYbm1EWmFNcw","metadata":{"@type":"type.googleapis.com/google.cloud.functions.v1.OperationMetadataV1","target":"projects/resumerushgodot/locations/us-central1/functions/webRTCSignaling","type":"UPDATE_FUNCTION","request":{"@type":"type.googleapis.com/google.cloud.functions.v1.CloudFunction","name":"projects/resumerushgodot/locations/us-central1/functions/webRTCSignaling","httpsTrigger":{"url":"https://us-central1-resumerushgodot.cloudfunctions.net/webRTCSignaling","securityLevel":"SECURE_ALWAYS"},"status":"ACTIVE","entryPoint":"webRTCSignaling","updateTime":"2024-12-16T17:18:34.426Z","versionId":"11","labels":{"deployment-tool":"cli-firebase","firebase-functions-hash":"9cf5e520a913aa24af6fb0114f7285b50828bcd0"},"sourceUploadUrl":"https://storage.googleapis.com/uploads-783299374156.us-central1.cloudfunctions.appspot.com/edebf333-d4cf-47df-a936-e38479e55e45.zip?GoogleAccessId=service-789792728951@gcf-admin-robot.iam.gserviceaccount.com&Expires=1734385298&Signature=YiKIkOMWhqsilJ9SyaZ1Okny5XRb%2Bi9XLzy0HNDEKQDVlGmgaoey61QYjLx%2BWzEfRTJdcdoA0miWLhWhez9IQNcxokNUUjPxW5G9gG4du0eD8D9i%2BNcqmE0PURpmgSpvRwtDwzzr366L1kV9EQnuNdKsNkNUPDd5QRLzqyk5dZFO6I5NwDsg60%2FGQLE%2FxDTxuawHXQRcEeT%2F2AeCujVKqDhgU9pUOTRYsmCxsDnUWahjtzrlt1q3WaHWP%2BQ5QBNx8YwUfByPiNZYD1YJx4uxu1Uoo%2BjxhiFy7RMJM9OQUA840cznkM7aOnzMpgu4mP31hM4zGBig6sgpA5oPZbbnDw%3D%3D","environmentVariables":{"FIREBASE_CONFIG":"{\"projectId\":\"resumerushgodot\",\"databaseURL\":\"https://resumerushgodot-default-rtdb.firebaseio.com\",\"storageBucket\":\"resumerushgodot.firebasestorage.app\"}","GCLOUD_PROJECT":"resumerushgodot","EVENTARC_CLOUD_EVENT_SOURCE":"projects/resumerushgodot/locations/us-central1/functions/webRTCSignaling"},"runtime":"nodejs18","buildId":"2c4f555e-3813-47e7-a9b1-b0f59e6c8005","buildEnvironmentVariables":{"GOOGLE_NODE_RUN_SCRIPTS":""},"buildName":"projects/789792728951/locations/us-central1/builds/2c4f555e-3813-47e7-a9b1-b0f59e6c8005","dockerRegistry":"ARTIFACT_REGISTRY","automaticUpdatePolicy":{},"buildServiceAccount":"789792728951-compute@developer.gserviceaccount.com"},"versionId":"12","updateTime":"2024-12-16T21:11:38Z","buildId":"4b7182fd-0280-4171-909b-b617ff4dfe61","buildName":"projects/789792728951/locations/us-central1/builds/4b7182fd-0280-4171-909b-b617ff4dfe61"}}
[debug] [2024-12-16T21:11:46.323Z] [update-default-us-central1-webRTCSignaling] Retrying task index 0
[debug] [2024-12-16T21:11:46.325Z] Checked if tokens are valid: true, expires at: 1734386985915
[debug] [2024-12-16T21:11:46.325Z] Checked if tokens are valid: true, expires at: 1734386985915
[debug] [2024-12-16T21:11:46.326Z] >>> [apiv2][query] GET https://cloudfunctions.googleapis.com/v1/operations/cmVzdW1lcnVzaGdvZG90L3VzLWNlbnRyYWwxL3dlYlJUQ1NpZ25hbGluZy9pWnpYbm1EWmFNcw [none]
[debug] [2024-12-16T21:11:46.402Z] <<< [apiv2][status] GET https://cloudfunctions.googleapis.com/v1/operations/cmVzdW1lcnVzaGdvZG90L3VzLWNlbnRyYWwxL3dlYlJUQ1NpZ25hbGluZy9pWnpYbm1EWmFNcw 200
[debug] [2024-12-16T21:11:46.402Z] <<< [apiv2][body] GET https://cloudfunctions.googleapis.com/v1/operations/cmVzdW1lcnVzaGdvZG90L3VzLWNlbnRyYWwxL3dlYlJUQ1NpZ25hbGluZy9pWnpYbm1EWmFNcw {"name":"operations/cmVzdW1lcnVzaGdvZG90L3VzLWNlbnRyYWwxL3dlYlJUQ1NpZ25hbGluZy9pWnpYbm1EWmFNcw","metadata":{"@type":"type.googleapis.com/google.cloud.functions.v1.OperationMetadataV1","target":"projects/resumerushgodot/locations/us-central1/functions/webRTCSignaling","type":"UPDATE_FUNCTION","request":{"@type":"type.googleapis.com/google.cloud.functions.v1.CloudFunction","name":"projects/resumerushgodot/locations/us-central1/functions/webRTCSignaling","httpsTrigger":{"url":"https://us-central1-resumerushgodot.cloudfunctions.net/webRTCSignaling","securityLevel":"SECURE_ALWAYS"},"status":"ACTIVE","entryPoint":"webRTCSignaling","updateTime":"2024-12-16T17:18:34.426Z","versionId":"11","labels":{"deployment-tool":"cli-firebase","firebase-functions-hash":"9cf5e520a913aa24af6fb0114f7285b50828bcd0"},"sourceUploadUrl":"https://storage.googleapis.com/uploads-783299374156.us-central1.cloudfunctions.appspot.com/edebf333-d4cf-47df-a936-e38479e55e45.zip?GoogleAccessId=service-789792728951@gcf-admin-robot.iam.gserviceaccount.com&Expires=1734385298&Signature=YiKIkOMWhqsilJ9SyaZ1Okny5XRb%2Bi9XLzy0HNDEKQDVlGmgaoey61QYjLx%2BWzEfRTJdcdoA0miWLhWhez9IQNcxokNUUjPxW5G9gG4du0eD8D9i%2BNcqmE0PURpmgSpvRwtDwzzr366L1kV9EQnuNdKsNkNUPDd5QRLzqyk5dZFO6I5NwDsg60%2FGQLE%2FxDTxuawHXQRcEeT%2F2AeCujVKqDhgU9pUOTRYsmCxsDnUWahjtzrlt1q3WaHWP%2BQ5QBNx8YwUfByPiNZYD1YJx4uxu1Uoo%2BjxhiFy7RMJM9OQUA840cznkM7aOnzMpgu4mP31hM4zGBig6sgpA5oPZbbnDw%3D%3D","environmentVariables":{"FIREBASE_CONFIG":"{\"projectId\":\"resumerushgodot\",\"databaseURL\":\"https://resumerushgodot-default-rtdb.firebaseio.com\",\"storageBucket\":\"resumerushgodot.firebasestorage.app\"}","GCLOUD_PROJECT":"resumerushgodot","EVENTARC_CLOUD_EVENT_SOURCE":"projects/resumerushgodot/locations/us-central1/functions/webRTCSignaling"},"runtime":"nodejs18","buildId":"2c4f555e-3813-47e7-a9b1-b0f59e6c8005","buildEnvironmentVariables":{"GOOGLE_NODE_RUN_SCRIPTS":""},"buildName":"projects/789792728951/locations/us-central1/builds/2c4f555e-3813-47e7-a9b1-b0f59e6c8005","dockerRegistry":"ARTIFACT_REGISTRY","automaticUpdatePolicy":{},"buildServiceAccount":"789792728951-compute@developer.gserviceaccount.com"},"versionId":"12","updateTime":"2024-12-16T21:11:38Z","buildId":"4b7182fd-0280-4171-909b-b617ff4dfe61","buildName":"projects/789792728951/locations/us-central1/builds/4b7182fd-0280-4171-909b-b617ff4dfe61"}}
[debug] [2024-12-16T21:11:54.410Z] [update-default-us-central1-webRTCSignaling] Retrying task index 0
[debug] [2024-12-16T21:11:54.411Z] Checked if tokens are valid: true, expires at: 1734386985915
[debug] [2024-12-16T21:11:54.411Z] Checked if tokens are valid: true, expires at: 1734386985915
[debug] [2024-12-16T21:11:54.411Z] >>> [apiv2][query] GET https://cloudfunctions.googleapis.com/v1/operations/cmVzdW1lcnVzaGdvZG90L3VzLWNlbnRyYWwxL3dlYlJUQ1NpZ25hbGluZy9pWnpYbm1EWmFNcw [none]
[debug] [2024-12-16T21:11:54.571Z] <<< [apiv2][status] GET https://cloudfunctions.googleapis.com/v1/operations/cmVzdW1lcnVzaGdvZG90L3VzLWNlbnRyYWwxL3dlYlJUQ1NpZ25hbGluZy9pWnpYbm1EWmFNcw 200
[debug] [2024-12-16T21:11:54.571Z] <<< [apiv2][body] GET https://cloudfunctions.googleapis.com/v1/operations/cmVzdW1lcnVzaGdvZG90L3VzLWNlbnRyYWwxL3dlYlJUQ1NpZ25hbGluZy9pWnpYbm1EWmFNcw {"name":"operations/cmVzdW1lcnVzaGdvZG90L3VzLWNlbnRyYWwxL3dlYlJUQ1NpZ25hbGluZy9pWnpYbm1EWmFNcw","metadata":{"@type":"type.googleapis.com/google.cloud.functions.v1.OperationMetadataV1","target":"projects/resumerushgodot/locations/us-central1/functions/webRTCSignaling","type":"UPDATE_FUNCTION","request":{"@type":"type.googleapis.com/google.cloud.functions.v1.CloudFunction","name":"projects/resumerushgodot/locations/us-central1/functions/webRTCSignaling","httpsTrigger":{"url":"https://us-central1-resumerushgodot.cloudfunctions.net/webRTCSignaling","securityLevel":"SECURE_ALWAYS"},"status":"ACTIVE","entryPoint":"webRTCSignaling","updateTime":"2024-12-16T17:18:34.426Z","versionId":"11","labels":{"deployment-tool":"cli-firebase","firebase-functions-hash":"9cf5e520a913aa24af6fb0114f7285b50828bcd0"},"sourceUploadUrl":"https://storage.googleapis.com/uploads-783299374156.us-central1.cloudfunctions.appspot.com/edebf333-d4cf-47df-a936-e38479e55e45.zip?GoogleAccessId=service-789792728951@gcf-admin-robot.iam.gserviceaccount.com&Expires=1734385298&Signature=YiKIkOMWhqsilJ9SyaZ1Okny5XRb%2Bi9XLzy0HNDEKQDVlGmgaoey61QYjLx%2BWzEfRTJdcdoA0miWLhWhez9IQNcxokNUUjPxW5G9gG4du0eD8D9i%2BNcqmE0PURpmgSpvRwtDwzzr366L1kV9EQnuNdKsNkNUPDd5QRLzqyk5dZFO6I5NwDsg60%2FGQLE%2FxDTxuawHXQRcEeT%2F2AeCujVKqDhgU9pUOTRYsmCxsDnUWahjtzrlt1q3WaHWP%2BQ5QBNx8YwUfByPiNZYD1YJx4uxu1Uoo%2BjxhiFy7RMJM9OQUA840cznkM7aOnzMpgu4mP31hM4zGBig6sgpA5oPZbbnDw%3D%3D","environmentVariables":{"FIREBASE_CONFIG":"{\"projectId\":\"resumerushgodot\",\"databaseURL\":\"https://resumerushgodot-default-rtdb.firebaseio.com\",\"storageBucket\":\"resumerushgodot.firebasestorage.app\"}","GCLOUD_PROJECT":"resumerushgodot","EVENTARC_CLOUD_EVENT_SOURCE":"projects/resumerushgodot/locations/us-central1/functions/webRTCSignaling"},"runtime":"nodejs18","buildId":"2c4f555e-3813-47e7-a9b1-b0f59e6c8005","buildEnvironmentVariables":{"GOOGLE_NODE_RUN_SCRIPTS":""},"buildName":"projects/789792728951/locations/us-central1/builds/2c4f555e-3813-47e7-a9b1-b0f59e6c8005","dockerRegistry":"ARTIFACT_REGISTRY","automaticUpdatePolicy":{},"buildServiceAccount":"789792728951-compute@developer.gserviceaccount.com"},"versionId":"12","updateTime":"2024-12-16T21:11:38Z","buildId":"4b7182fd-0280-4171-909b-b617ff4dfe61","buildName":"projects/789792728951/locations/us-central1/builds/4b7182fd-0280-4171-909b-b617ff4dfe61"}}
[debug] [2024-12-16T21:12:04.575Z] [update-default-us-central1-webRTCSignaling] Retrying task index 0
[debug] [2024-12-16T21:12:04.575Z] Checked if tokens are valid: true, expires at: 1734386985915
[debug] [2024-12-16T21:12:04.575Z] Checked if tokens are valid: true, expires at: 1734386985915
[debug] [2024-12-16T21:12:04.576Z] >>> [apiv2][query] GET https://cloudfunctions.googleapis.com/v1/operations/cmVzdW1lcnVzaGdvZG90L3VzLWNlbnRyYWwxL3dlYlJUQ1NpZ25hbGluZy9pWnpYbm1EWmFNcw [none]
[debug] [2024-12-16T21:12:04.721Z] <<< [apiv2][status] GET https://cloudfunctions.googleapis.com/v1/operations/cmVzdW1lcnVzaGdvZG90L3VzLWNlbnRyYWwxL3dlYlJUQ1NpZ25hbGluZy9pWnpYbm1EWmFNcw 200
[debug] [2024-12-16T21:12:04.721Z] <<< [apiv2][body] GET https://cloudfunctions.googleapis.com/v1/operations/cmVzdW1lcnVzaGdvZG90L3VzLWNlbnRyYWwxL3dlYlJUQ1NpZ25hbGluZy9pWnpYbm1EWmFNcw {"name":"operations/cmVzdW1lcnVzaGdvZG90L3VzLWNlbnRyYWwxL3dlYlJUQ1NpZ25hbGluZy9pWnpYbm1EWmFNcw","metadata":{"@type":"type.googleapis.com/google.cloud.functions.v1.OperationMetadataV1","target":"projects/resumerushgodot/locations/us-central1/functions/webRTCSignaling","type":"UPDATE_FUNCTION","request":{"@type":"type.googleapis.com/google.cloud.functions.v1.CloudFunction","name":"projects/resumerushgodot/locations/us-central1/functions/webRTCSignaling","httpsTrigger":{"url":"https://us-central1-resumerushgodot.cloudfunctions.net/webRTCSignaling","securityLevel":"SECURE_ALWAYS"},"status":"ACTIVE","entryPoint":"webRTCSignaling","updateTime":"2024-12-16T17:18:34.426Z","versionId":"11","labels":{"deployment-tool":"cli-firebase","firebase-functions-hash":"9cf5e520a913aa24af6fb0114f7285b50828bcd0"},"sourceUploadUrl":"https://storage.googleapis.com/uploads-783299374156.us-central1.cloudfunctions.appspot.com/edebf333-d4cf-47df-a936-e38479e55e45.zip?GoogleAccessId=service-789792728951@gcf-admin-robot.iam.gserviceaccount.com&Expires=1734385298&Signature=YiKIkOMWhqsilJ9SyaZ1Okny5XRb%2Bi9XLzy0HNDEKQDVlGmgaoey61QYjLx%2BWzEfRTJdcdoA0miWLhWhez9IQNcxokNUUjPxW5G9gG4du0eD8D9i%2BNcqmE0PURpmgSpvRwtDwzzr366L1kV9EQnuNdKsNkNUPDd5QRLzqyk5dZFO6I5NwDsg60%2FGQLE%2FxDTxuawHXQRcEeT%2F2AeCujVKqDhgU9pUOTRYsmCxsDnUWahjtzrlt1q3WaHWP%2BQ5QBNx8YwUfByPiNZYD1YJx4uxu1Uoo%2BjxhiFy7RMJM9OQUA840cznkM7aOnzMpgu4mP31hM4zGBig6sgpA5oPZbbnDw%3D%3D","environmentVariables":{"FIREBASE_CONFIG":"{\"projectId\":\"resumerushgodot\",\"databaseURL\":\"https://resumerushgodot-default-rtdb.firebaseio.com\",\"storageBucket\":\"resumerushgodot.firebasestorage.app\"}","GCLOUD_PROJECT":"resumerushgodot","EVENTARC_CLOUD_EVENT_SOURCE":"projects/resumerushgodot/locations/us-central1/functions/webRTCSignaling"},"runtime":"nodejs18","buildId":"2c4f555e-3813-47e7-a9b1-b0f59e6c8005","buildEnvironmentVariables":{"GOOGLE_NODE_RUN_SCRIPTS":""},"buildName":"projects/789792728951/locations/us-central1/builds/2c4f555e-3813-47e7-a9b1-b0f59e6c8005","dockerRegistry":"ARTIFACT_REGISTRY","automaticUpdatePolicy":{},"buildServiceAccount":"789792728951-compute@developer.gserviceaccount.com"},"versionId":"12","updateTime":"2024-12-16T21:11:38Z","buildId":"4b7182fd-0280-4171-909b-b617ff4dfe61","buildName":"projects/789792728951/locations/us-central1/builds/4b7182fd-0280-4171-909b-b617ff4dfe61"}}
[debug] [2024-12-16T21:12:14.733Z] [update-default-us-central1-webRTCSignaling] Retrying task index 0
[debug] [2024-12-16T21:12:14.734Z] Checked if tokens are valid: true, expires at: 1734386985915
[debug] [2024-12-16T21:12:14.734Z] Checked if tokens are valid: true, expires at: 1734386985915
[debug] [2024-12-16T21:12:14.734Z] >>> [apiv2][query] GET https://cloudfunctions.googleapis.com/v1/operations/cmVzdW1lcnVzaGdvZG90L3VzLWNlbnRyYWwxL3dlYlJUQ1NpZ25hbGluZy9pWnpYbm1EWmFNcw [none]
[debug] [2024-12-16T21:12:14.862Z] <<< [apiv2][status] GET https://cloudfunctions.googleapis.com/v1/operations/cmVzdW1lcnVzaGdvZG90L3VzLWNlbnRyYWwxL3dlYlJUQ1NpZ25hbGluZy9pWnpYbm1EWmFNcw 200
[debug] [2024-12-16T21:12:14.862Z] <<< [apiv2][body] GET https://cloudfunctions.googleapis.com/v1/operations/cmVzdW1lcnVzaGdvZG90L3VzLWNlbnRyYWwxL3dlYlJUQ1NpZ25hbGluZy9pWnpYbm1EWmFNcw {"name":"operations/cmVzdW1lcnVzaGdvZG90L3VzLWNlbnRyYWwxL3dlYlJUQ1NpZ25hbGluZy9pWnpYbm1EWmFNcw","metadata":{"@type":"type.googleapis.com/google.cloud.functions.v1.OperationMetadataV1","target":"projects/resumerushgodot/locations/us-central1/functions/webRTCSignaling","type":"UPDATE_FUNCTION","request":{"@type":"type.googleapis.com/google.cloud.functions.v1.CloudFunction","name":"projects/resumerushgodot/locations/us-central1/functions/webRTCSignaling","httpsTrigger":{"url":"https://us-central1-resumerushgodot.cloudfunctions.net/webRTCSignaling","securityLevel":"SECURE_ALWAYS"},"status":"ACTIVE","entryPoint":"webRTCSignaling","updateTime":"2024-12-16T17:18:34.426Z","versionId":"11","labels":{"deployment-tool":"cli-firebase","firebase-functions-hash":"9cf5e520a913aa24af6fb0114f7285b50828bcd0"},"sourceUploadUrl":"https://storage.googleapis.com/uploads-783299374156.us-central1.cloudfunctions.appspot.com/edebf333-d4cf-47df-a936-e38479e55e45.zip?GoogleAccessId=service-789792728951@gcf-admin-robot.iam.gserviceaccount.com&Expires=1734385298&Signature=YiKIkOMWhqsilJ9SyaZ1Okny5XRb%2Bi9XLzy0HNDEKQDVlGmgaoey61QYjLx%2BWzEfRTJdcdoA0miWLhWhez9IQNcxokNUUjPxW5G9gG4du0eD8D9i%2BNcqmE0PURpmgSpvRwtDwzzr366L1kV9EQnuNdKsNkNUPDd5QRLzqyk5dZFO6I5NwDsg60%2FGQLE%2FxDTxuawHXQRcEeT%2F2AeCujVKqDhgU9pUOTRYsmCxsDnUWahjtzrlt1q3WaHWP%2BQ5QBNx8YwUfByPiNZYD1YJx4uxu1Uoo%2BjxhiFy7RMJM9OQUA840cznkM7aOnzMpgu4mP31hM4zGBig6sgpA5oPZbbnDw%3D%3D","environmentVariables":{"FIREBASE_CONFIG":"{\"projectId\":\"resumerushgodot\",\"databaseURL\":\"https://resumerushgodot-default-rtdb.firebaseio.com\",\"storageBucket\":\"resumerushgodot.firebasestorage.app\"}","GCLOUD_PROJECT":"resumerushgodot","EVENTARC_CLOUD_EVENT_SOURCE":"projects/resumerushgodot/locations/us-central1/functions/webRTCSignaling"},"runtime":"nodejs18","buildId":"2c4f555e-3813-47e7-a9b1-b0f59e6c8005","buildEnvironmentVariables":{"GOOGLE_NODE_RUN_SCRIPTS":""},"buildName":"projects/789792728951/locations/us-central1/builds/2c4f555e-3813-47e7-a9b1-b0f59e6c8005","dockerRegistry":"ARTIFACT_REGISTRY","automaticUpdatePolicy":{},"buildServiceAccount":"789792728951-compute@developer.gserviceaccount.com"},"versionId":"12","updateTime":"2024-12-16T21:11:38Z","buildId":"4b7182fd-0280-4171-909b-b617ff4dfe61","buildName":"projects/789792728951/locations/us-central1/builds/4b7182fd-0280-4171-909b-b617ff4dfe61"}}
